C51 COMPILER V9.57.0.0   GLOBAL                                                            05/16/2020 00:03:54 PAGE 1   


C51 COMPILER V9.57.0.0, COMPILATION OF MODULE GLOBAL
OBJECT MODULE PLACED IN .\Objects\global.obj
COMPILER INVOKED BY: D:\Keil_v5\C51\BIN\C51.EXE Code\global.c OPTIMIZE(8,SPEED) BROWSE INCDIR(.\Code) DEBUG OBJECTEXTEND
                    - PRINT(.\Listings\global.lst) OBJECT(.\Objects\global.obj)

line level    source

   1          #include "global.h"
   2          #include "STC15F2K60S2.H"
   3          #include "intrins.h"
   4          
   5          
   6          // 简短延时
   7          void Delay()
   8          {
   9   1          _nop_();
  10   1          _nop_();
  11   1          _nop_();
  12   1          _nop_();
  13   1      }
  14          
  15          
  16          /**
  17           *  锁存器控制
  18           * @param
  19           *  ID  控制元件序号
  20           * val  P0值
  21           */
  22          void LatchCtrl(u8 ID, u8 val)
  23          {
  24   1          P0 = val;
  25   1          P2 = (P2 & 0x1F) | ID << 5;
  26   1          Delay();
  27   1          P2 = P2 & 0x1F;
  28   1          Delay();
  29   1                      P0 = 0x00;
  30   1      }
  31          
  32          
  33          
  34          
  35          /**
  36           *  系统初始化
  37           *  关闭蜂鸣器,LED,数码管
  38           */
  39          void SysInit()
  40          {
  41   1          LatchCtrl(ULN_ID, 0x00);
  42   1          LatchCtrl(LED_ID, 0xFF);
  43   1          LatchCtrl(SEG_COM_ID, 0x00);
  44   1      }
  45           


MODULE INFORMATION:   STATIC OVERLAYABLE
   CODE SIZE        =     54    ----
   CONSTANT SIZE    =   ----    ----
   XDATA SIZE       =   ----    ----
   PDATA SIZE       =   ----    ----
   DATA SIZE        =   ----    ----
   IDATA SIZE       =   ----    ----
C51 COMPILER V9.57.0.0   GLOBAL                                                            05/16/2020 00:03:54 PAGE 2   

   BIT SIZE         =   ----    ----
END OF MODULE INFORMATION.


C51 COMPILATION COMPLETE.  0 WARNING(S),  0 ERROR(S)
