C51 COMPILER V9.57.0.0   MAIN                                                              07/12/2020 17:16:53 PAGE 1   


C51 COMPILER V9.57.0.0, COMPILATION OF MODULE MAIN
OBJECT MODULE PLACED IN .\Objects\main.obj
COMPILER INVOKED BY: D:\Keil_v5\C51\BIN\C51.EXE Code\main.c OPTIMIZE(8,SPEED) BROWSE INCDIR(.\Code) DEBUG OBJECTEXTEND P
                    -RINT(.\Listings\main.lst) TABS(2) OBJECT(.\Objects\main.obj)

line level    source

   1          #include <STC15F2K60S2.h>
   2          #include <system.h>
   3          #include <timer.h>
   4          #include <intrins.h>
   5          
   6          
   7          int SYSTICK, SYSTICK_tmp;
   8          unsigned char LED_val = 0xFE;
   9          int main()
  10          {
  11   1          SysInit();
  12   1          Timer0Init();
  13   1          SYSTICK = 0;
  14   1          while(1){
  15   2              LatchCtrl(LED_ID, LED_val);
  16   2              SYSTICK_tmp = SYSTICK;
  17   2              while(SYSTICK_tmp == SYSTICK){;}
  18   2              if(SYSTICK % 10000 == 0){
  19   3                  LED_val = _crol_(LED_val, 1);
  20   3              }
  21   2              if(SYSTICK > 40000){
  22   3                  SYSTICK = 0;
  23   3              }
  24   2          }
  25   1      }
  26          
  27          //定时器0用来刷新系统 100us
  28          void Timer0() interrupt 1
  29          {
  30   1          SYSTICK ++;
  31   1      }


MODULE INFORMATION:   STATIC OVERLAYABLE
   CODE SIZE        =    107    ----
   CONSTANT SIZE    =   ----    ----
   XDATA SIZE       =   ----    ----
   PDATA SIZE       =   ----    ----
   DATA SIZE        =      5    ----
   IDATA SIZE       =   ----    ----
   BIT SIZE         =   ----    ----
END OF MODULE INFORMATION.


C51 COMPILATION COMPLETE.  0 WARNING(S),  0 ERROR(S)
