C51 COMPILER V9.57.0.0   SEGMENT                                                           04/21/2020 21:49:55 PAGE 1   


C51 COMPILER V9.57.0.0, COMPILATION OF MODULE SEGMENT
OBJECT MODULE PLACED IN .\Objects\segment.obj
COMPILER INVOKED BY: D:\Keil_v5\C51\BIN\C51.EXE Code\segment.c OPTIMIZE(8,SPEED) BROWSE INCDIR(.\Code) DEBUG OBJECTEXTEN
                    -D PRINT(.\Listings\segment.lst) TABS(2) OBJECT(.\Objects\segment.obj)

line level    source

   1          #include <segment.h>
   2          #include <global.h>
   3          #include <STC15F2K60S2.h>
   4          
   5          u8 code SegTable[] = {
   6            0xc0, 0xf9, 0xa4, 0xb0, 0x99, 0x92, 0x82, 0xf8, 0x80, 0x90  //共阳段码表0~9
   7          };
   8          u8 code ComTable[] = {
   9            0x01, 0x02, 0x04, 0x08, 0x10, 0x20, 0x40, 0x80  //位选码0~8
  10          };
  11          
  12            
  13          /*
  14            数码管显示（单）
  15            @param  
  16            COM 位码，10进制1~8
  17            val 段码，10进制0~9
  18          */
  19          void SegDisplay(u8 COM, u8 val)
  20          {
  21   1        LatchControl(SEG_COM_ID, ComTable[COM - 1]);
  22   1        LatchControl(SEG_SEC_ID, SegTable[val]);
  23   1      }
  24          
  25          


MODULE INFORMATION:   STATIC OVERLAYABLE
   CODE SIZE        =     25    ----
   CONSTANT SIZE    =     18    ----
   XDATA SIZE       =   ----    ----
   PDATA SIZE       =   ----    ----
   DATA SIZE        =   ----       1
   IDATA SIZE       =   ----    ----
   BIT SIZE         =   ----    ----
END OF MODULE INFORMATION.


C51 COMPILATION COMPLETE.  0 WARNING(S),  0 ERROR(S)
