C51 COMPILER V9.57.0.0   KEYBOARD                                                          05/05/2020 16:43:57 PAGE 1   


C51 COMPILER V9.57.0.0, COMPILATION OF MODULE KEYBOARD
OBJECT MODULE PLACED IN .\Objects\keyboard.obj
COMPILER INVOKED BY: D:\Keil_v5\C51\BIN\C51.EXE Code\keyboard.c OPTIMIZE(8,SPEED) BROWSE INCDIR(.\Code) DEBUG OBJECTEXTE
                    -ND PRINT(.\Listings\keyboard.lst) OBJECT(.\Objects\keyboard.obj)

line level    source

   1          #include <keyboard.h>
   2          #include <STC15F2K60S2.h>
   3          #include <global.h>     
   4          #include <intrins.h>
   5          
   6          /*
   7           *      延时30ms
   8           */
   9          void Delay30ms()                //@11.0592MHz
  10          {
  11   1              unsigned char i, j, k;
  12   1      
  13   1              _nop_();
  14   1              _nop_();
  15   1              i = 2;
  16   1              j = 67;
  17   1              k = 183;
  18   1              do
  19   1              {
  20   2                      do
  21   2                      {
  22   3                              while (--k);
  23   3                      } while (--j);
  24   2              } while (--i);
  25   1      }
  26          
  27          
  28          
  29          
  30          
  31          /*
  32           *      扫描矩阵键盘
  33           *      @return 
  34           *      u8 事件序号
  35           */
  36          u8 KeyBoardScan()
  37          {
  38   1              u8 tmp;
  39   1              u8 key = NONE;
  40   1              //第一列
  41   1              P44 = 0; P42 = 1;
  42   1              P3 = 0x3F;
  43   1              tmp = P3 & 0x0F;
  44   1              if(tmp != 0x0F){
  45   2                      Delay30ms();
  46   2                      tmp = P3 & 0x0F;
  47   2                      if(tmp != 0x0F){
  48   3                              switch (tmp){
  49   4                                      case 0x0E:      key = NUM_0;
  50   4                                                              break;
  51   4                                      case 0x0D:      key = NUM_4;
  52   4                                                              break;
  53   4                                      case 0x0B:      key = NUM_8;
  54   4                                                              break;
C51 COMPILER V9.57.0.0   KEYBOARD                                                          05/05/2020 16:43:57 PAGE 2   

  55   4                                      case 0x07:      key = NONE;
  56   4                                                              break;
  57   4                                      default:        key = NONE;
  58   4                              }
  59   3                              while(tmp != 0x0F){
  60   4                                      tmp = P3 & 0x0F;
  61   4                              }
  62   3                              return key;
  63   3                      }
  64   2              }
  65   1              //第二列
  66   1              P42 = 0; P44 = 1;
  67   1              P3 = 0x3F;
  68   1              tmp = P3 & 0x0F;
  69   1              if(tmp != 0x0F){
  70   2                      Delay30ms();
  71   2                      tmp = P3 & 0x0F;
  72   2                      if(tmp != 0x0F){
  73   3                              switch (tmp){
  74   4                                      case 0x0E:      key = NUM_1;
  75   4                                                              break;
  76   4                                      case 0x0D:      key = NUM_5;
  77   4                                                              break;
  78   4                                      case 0x0B:      key = NUM_9;
  79   4                                                              break;
  80   4                                      case 0x07:      key = CLEAR;
  81   4                                                              break;
  82   4                                      default:        key = NONE;
  83   4                              }
  84   3                              while(tmp != 0x0F){
  85   4                                      tmp = P3 & 0x0F;
  86   4                              }
  87   3                              return key;
  88   3                      }
  89   2              }
  90   1              //第三列
  91   1              P3 = 0x1F;
  92   1              tmp = P3 & 0x0F;
  93   1              if(tmp != 0x0F){
  94   2                      Delay30ms();
  95   2                      tmp = P3 & 0x0F;
  96   2                      if(tmp != 0x0F){
  97   3                              switch (tmp){
  98   4                                      case 0x0E:      key = NUM_2;
  99   4                                                              break;
 100   4                                      case 0x0D:      key = NUM_6;
 101   4                                                              break;
 102   4                                      case 0x0B:      key = NONE;
 103   4                                                              break;
 104   4                                      case 0x07:      key = CHANGE;
 105   4                                                              break;
 106   4                                      default:        key = NONE;
 107   4                              }
 108   3                              while(tmp != 0x0F){
 109   4                                      tmp = P3 & 0x0F;
 110   4                              }
 111   3                              return key;
 112   3                      }
 113   2              }
 114   1              //第四列
 115   1              P3 = 0x2F;
 116   1              tmp = P3 & 0x0F;
C51 COMPILER V9.57.0.0   KEYBOARD                                                          05/05/2020 16:43:57 PAGE 3   

 117   1              if(tmp != 0x0F){
 118   2                      Delay30ms();
 119   2                      tmp = P3 & 0x0F;
 120   2                      if(tmp != 0x0F){
 121   3                              switch (tmp){
 122   4                                      case 0x0E:      key = NUM_3;
 123   4                                                              break;
 124   4                                      case 0x0D:      key = NUM_7;
 125   4                                                              break;
 126   4                                      case 0x0B:      key = NONE;
 127   4                                                              break;
 128   4                                      case 0x07:      key = INPUT;
 129   4                                                              break;
 130   4                                      default:        key = NONE;
 131   4                              }
 132   3                              while(tmp != 0x0F){
 133   4                                      tmp = P3 & 0x0F;
 134   4                              }
 135   3                              return key;
 136   3                      }
 137   2              }
 138   1              return NONE;
 139   1      }
 140          
 141          
 142          
 143          


MODULE INFORMATION:   STATIC OVERLAYABLE
   CODE SIZE        =    316    ----
   CONSTANT SIZE    =   ----    ----
   XDATA SIZE       =   ----    ----
   PDATA SIZE       =   ----    ----
   DATA SIZE        =   ----    ----
   IDATA SIZE       =   ----    ----
   BIT SIZE         =   ----    ----
END OF MODULE INFORMATION.


C51 COMPILATION COMPLETE.  0 WARNING(S),  0 ERROR(S)
