C51 COMPILER V9.57.0.0   DS1302                                                            09/12/2020 16:36:41 PAGE 1   


C51 COMPILER V9.57.0.0, COMPILATION OF MODULE DS1302
OBJECT MODULE PLACED IN .\Objects\ds1302.obj
COMPILER INVOKED BY: D:\Keil_v5\C51\BIN\C51.EXE ds1302.c OPTIMIZE(8,SPEED) BROWSE DEBUG OBJECTEXTEND PRINT(.\Listings\ds
                    -1302.lst) TABS(2) OBJECT(.\Objects\ds1302.obj)

line level    source

   1          /*
   2            程序说明: DS1302驱动程序
   3            软件环境: Keil uVision 4.10 
   4            硬件环境: CT107单片机综合实训平台 8051，12MHz
   5            日    期: 2011-8-9
   6          */
   7          
   8          #include <reg52.h>
   9          #include <intrins.h>
  10          #include <ds1302.h>
  11          
  12          sbit SCK=P1^7;    
  13          sbit SDA=P2^3;    
  14          sbit RST = P1^3;   // DS1302复位                        
  15          
  16          
  17          void Some_Nop()
  18          {
  19   1        _nop_();
  20   1        _nop_();
  21   1        _nop_();
  22   1        _nop_();
  23   1        _nop_();
  24   1        _nop_();
  25   1        _nop_();
  26   1        _nop_();
  27   1        _nop_();
  28   1        _nop_();
  29   1        _nop_();
  30   1        _nop_();
  31   1      }
  32          
  33          void Write_Ds1302_Byte(unsigned  char temp) 
  34          {
  35   1        unsigned char i;
  36   1        for (i=0;i<8;i++)       
  37   1        { 
  38   2          SCK=0;
  39   2          Some_Nop();
  40   2          SDA=temp&0x01;
  41   2          temp>>=1;
  42   2          Some_Nop();   
  43   2          SCK=1;
  44   2          Some_Nop();
  45   2        }
  46   1      }   
  47          
  48          void Write_Ds1302( unsigned char address,unsigned char dat )     
  49          {
  50   1        RST=0;
  51   1        Some_Nop();
  52   1        SCK=0;
  53   1        Some_Nop();
  54   1        RST=1;  
C51 COMPILER V9.57.0.0   DS1302                                                            09/12/2020 16:36:41 PAGE 2   

  55   1        Some_Nop();  
  56   1        Write_Ds1302_Byte(address); 
  57   1        Write_Ds1302_Byte(dat);   
  58   1        RST=0; 
  59   1      }
  60          
  61          unsigned char Read_Ds1302 ( unsigned char address )
  62          {
  63   1        unsigned char i,temp=0x00;
  64   1        RST=0;
  65   1        Some_Nop();
  66   1        SCK=0;
  67   1        Some_Nop();
  68   1        RST=1;
  69   1        Some_Nop();
  70   1        Write_Ds1302_Byte(address);
  71   1        for (i=0;i<8;i++)   
  72   1        {   
  73   2          SCK=0;
  74   2          temp>>=1;
  75   2          Some_Nop();
  76   2          if(SDA)
  77   2          temp|=0x80; 
  78   2          SCK=1;
  79   2          Some_Nop();
  80   2        } 
  81   1        RST=0;
  82   1        Some_Nop();
  83   1        RST=0;
  84   1        SCK=0;
  85   1        Some_Nop();
  86   1        SCK=1;
  87   1        Some_Nop();
  88   1        SDA=0;
  89   1        Some_Nop();
  90   1        SDA=1;
  91   1        Some_Nop();
  92   1        return (temp);      
  93   1      }


MODULE INFORMATION:   STATIC OVERLAYABLE
   CODE SIZE        =    128    ----
   CONSTANT SIZE    =   ----    ----
   XDATA SIZE       =   ----    ----
   PDATA SIZE       =   ----    ----
   DATA SIZE        =   ----    ----
   IDATA SIZE       =   ----    ----
   BIT SIZE         =   ----    ----
END OF MODULE INFORMATION.


C51 COMPILATION COMPLETE.  0 WARNING(S),  0 ERROR(S)
